2026-06-01 11:49:38,984 [INFO] 오늘 호출 횟수: 100 / 20000
2026-06-01 11:50:11,508 [INFO] 오늘 호출 횟수: 200 / 20000
2026-06-01 11:50:28,431 [INFO] 오늘 호출 횟수: 300 / 20000
2026-06-01 11:50:51,715 [INFO] 오늘 호출 횟수: 400 / 20000
2026-06-01 11:51:10,193 [INFO] 오늘 호출 횟수: 500 / 20000
2026-06-01 11:51:29,669 [INFO] 오늘 호출 횟수: 600 / 20000
2026-06-01 11:51:50,607 [INFO] 오늘 호출 횟수: 700 / 20000
2026-06-01 11:52:18,520 [INFO] 오늘 호출 횟수: 800 / 20000
2026-06-01 11:52:51,120 [INFO] 오늘 호출 횟수: 900 / 20000
2026-06-01 11:53:09,357 [INFO] 오늘 호출 횟수: 1000 / 20000
2026-06-01 11:53:25,916 [INFO] 오늘 호출 횟수: 1100 / 20000
2026-06-01 11:53:47,497 [INFO] 오늘 호출 횟수: 1200 / 20000
2026-06-01 11:54:12,981 [INFO] 오늘 호출 횟수: 1300 / 20000
2026-06-01 11:54:34,672 [INFO] 오늘 호출 횟수: 1400 / 20000
2026-06-01 11:54:56,754 [INFO] 오늘 호출 횟수: 1500 / 20000
2026-06-01 11:55:16,225 [INFO] 오늘 호출 횟수: 1600 / 20000
2026-06-01 11:55:44,139 [INFO] 오늘 호출 횟수: 1700 / 20000
2026-06-01 11:56:09,201 [INFO] 오늘 호출 횟수: 1800 / 20000
2026-06-01 11:56:35,414 [INFO] 오늘 호출 횟수: 1900 / 20000
2026-06-01 11:56:55,884 [INFO] 오늘 호출 횟수: 2000 / 20000
2026-06-01 11:57:22,428 [INFO] 오늘 호출 횟수: 2100 / 20000
2026-06-01 11:57:54,275 [INFO] 오늘 호출 횟수: 2200 / 20000
2026-06-01 11:58:15,683 [INFO] 오늘 호출 횟수: 2300 / 20000
2026-06-01 11:58:44,504 [INFO] 오늘 호출 횟수: 2400 / 20000
2026-06-01 11:59:04,299 [INFO] 오늘 호출 횟수: 2500 / 20000
2026-06-01 11:59:31,403 [INFO] 오늘 호출 횟수: 2600 / 20000
2026-06-01 11:59:57,434 [INFO] 오늘 호출 횟수: 2700 / 20000
2026-06-01 12:00:25,696 [INFO] 오늘 호출 횟수: 2800 / 20000
2026-06-01 12:00:55,117 [INFO] 오늘 호출 횟수: 2900 / 20000
2026-06-01 12:01:19,573 [INFO] 오늘 호출 횟수: 3000 / 20000
2026-06-01 12:01:49,126 [INFO] 오늘 호출 횟수: 3100 / 20000
2026-06-01 12:02:08,780 [INFO] 오늘 호출 횟수: 3200 / 20000
2026-06-01 12:02:27,602 [INFO] 오늘 호출 횟수: 3300 / 20000
2026-06-01 12:02:49,429 [INFO] 오늘 호출 횟수: 3400 / 20000
2026-06-01 12:03:12,557 [INFO] 오늘 호출 횟수: 3500 / 20000
2026-06-01 12:03:38,326 [INFO] 오늘 호출 횟수: 3600 / 20000
2026-06-01 12:03:57,445 [INFO] 오늘 호출 횟수: 3700 / 20000
2026-06-01 12:04:20,113 [INFO] 오늘 호출 횟수: 3800 / 20000
2026-06-01 12:04:44,826 [INFO] 오늘 호출 횟수: 3900 / 20000
2026-06-01 12:05:05,856 [INFO] 오늘 호출 횟수: 4000 / 20000
2026-06-01 12:05:29,174 [INFO] 오늘 호출 횟수: 4100 / 20000
2026-06-01 12:05:48,925 [INFO] 오늘 호출 횟수: 4200 / 20000
2026-06-01 12:06:16,283 [INFO] 오늘 호출 횟수: 4300 / 20000
2026-06-01 12:06:39,356 [INFO] 오늘 호출 횟수: 4400 / 20000
2026-06-01 12:07:04,511 [INFO] 오늘 호출 횟수: 4500 / 20000
2026-06-01 12:07:25,613 [INFO] 오늘 호출 횟수: 4600 / 20000
2026-06-01 12:07:49,059 [INFO] 오늘 호출 횟수: 4700 / 20000
2026-06-01 12:08:11,201 [INFO] 오늘 호출 횟수: 4800 / 20000
2026-06-01 12:08:30,442 [INFO] 오늘 호출 횟수: 4900 / 20000
2026-06-01 12:08:50,152 [INFO] 오늘 호출 횟수: 5000 / 20000
2026-06-01 12:09:14,921 [INFO] 오늘 호출 횟수: 5100 / 20000
2026-06-01 12:09:36,288 [INFO] 오늘 호출 횟수: 5200 / 20000
2026-06-01 12:09:54,215 [INFO] 오늘 호출 횟수: 5300 / 20000
2026-06-01 12:10:17,912 [INFO] 오늘 호출 횟수: 5400 / 20000
2026-06-01 12:10:44,794 [INFO] 오늘 호출 횟수: 5500 / 20000
2026-06-01 12:11:07,993 [INFO] 오늘 호출 횟수: 5600 / 20000
2026-06-01 12:11:34,949 [INFO] 오늘 호출 횟수: 5700 / 20000
2026-06-01 12:11:53,763 [INFO] 오늘 호출 횟수: 5800 / 20000
2026-06-01 12:12:17,985 [INFO] 오늘 호출 횟수: 5900 / 20000
2026-06-01 12:12:45,195 [INFO] 오늘 호출 횟수: 6000 / 20000
2026-06-01 12:13:07,704 [INFO] 오늘 호출 횟수: 6100 / 20000
2026-06-01 12:13:25,163 [INFO] 오늘 호출 횟수: 6200 / 20000
2026-06-01 12:13:48,106 [INFO] 오늘 호출 횟수: 6300 / 20000
2026-06-01 12:14:09,619 [INFO] 오늘 호출 횟수: 6400 / 20000
2026-06-01 12:14:29,413 [INFO] 오늘 호출 횟수: 6500 / 20000
2026-06-01 12:14:48,716 [INFO] 오늘 호출 횟수: 6600 / 20000
2026-06-01 12:15:17,575 [INFO] 오늘 호출 횟수: 6700 / 20000
2026-06-01 12:15:38,198 [INFO] 오늘 호출 횟수: 6800 / 20000
2026-06-01 12:16:04,611 [INFO] 오늘 호출 횟수: 6900 / 20000
2026-06-01 12:16:27,446 [INFO] 오늘 호출 횟수: 7000 / 20000
2026-06-01 12:16:54,743 [INFO] 오늘 호출 횟수: 7100 / 20000
2026-06-01 12:17:18,188 [INFO] 오늘 호출 횟수: 7200 / 20000
2026-06-01 12:17:43,981 [INFO] 오늘 호출 횟수: 7300 / 20000
2026-06-01 12:18:08,855 [INFO] 오늘 호출 횟수: 7400 / 20000
2026-06-01 12:18:31,554 [INFO] 오늘 호출 횟수: 7500 / 20000
2026-06-01 12:18:58,667 [INFO] 오늘 호출 횟수: 7600 / 20000
2026-06-01 12:19:20,621 [INFO] 오늘 호출 횟수: 7700 / 20000
2026-06-01 12:19:41,533 [INFO] 오늘 호출 횟수: 7800 / 20000
2026-06-01 12:20:08,843 [INFO] 오늘 호출 횟수: 7900 / 20000
2026-06-01 12:20:37,425 [INFO] 오늘 호출 횟수: 8000 / 20000
2026-06-01 12:20:58,989 [INFO] 오늘 호출 횟수: 8100 / 20000
2026-06-01 12:21:17,615 [INFO] 오늘 호출 횟수: 8200 / 20000
2026-06-01 12:21:38,887 [INFO] 오늘 호출 횟수: 8300 / 20000
2026-06-01 12:22:03,469 [INFO] 오늘 호출 횟수: 8400 / 20000
2026-06-01 12:22:25,587 [INFO] 오늘 호출 횟수: 8500 / 20000
2026-06-01 12:22:54,519 [INFO] 오늘 호출 횟수: 8600 / 20000
2026-06-01 12:23:11,872 [INFO] 오늘 호출 횟수: 8700 / 20000
2026-06-01 12:23:45,205 [INFO] 오늘 호출 횟수: 8800 / 20000
2026-06-01 12:24:07,636 [INFO] 오늘 호출 횟수: 8900 / 20000
2026-06-01 12:24:31,028 [INFO] 오늘 호출 횟수: 9000 / 20000
2026-06-01 12:24:48,949 [INFO] 오늘 호출 횟수: 9100 / 20000
2026-06-01 12:25:12,985 [INFO] 오늘 호출 횟수: 9200 / 20000
2026-06-01 12:25:29,293 [INFO] 오늘 호출 횟수: 9300 / 20000
2026-06-01 12:25:52,836 [INFO] 오늘 호출 횟수: 9400 / 20000
2026-06-01 12:26:13,296 [INFO] 오늘 호출 횟수: 9500 / 20000
2026-06-01 12:26:32,735 [INFO] 오늘 호출 횟수: 9600 / 20000
2026-06-01 12:26:59,115 [INFO] 오늘 호출 횟수: 9700 / 20000
2026-06-01 12:27:22,460 [INFO] 오늘 호출 횟수: 9800 / 20000
2026-06-01 12:27:43,976 [INFO] 오늘 호출 횟수: 9900 / 20000
2026-06-01 12:28:09,459 [INFO] 오늘 호출 횟수: 10000 / 20000
2026-06-01 12:28:34,840 [INFO] 오늘 호출 횟수: 10100 / 20000
2026-06-01 12:29:00,810 [INFO] 오늘 호출 횟수: 10200 / 20000
2026-06-01 12:29:28,247 [INFO] 오늘 호출 횟수: 10300 / 20000
2026-06-01 12:29:49,016 [INFO] 오늘 호출 횟수: 10400 / 20000
2026-06-01 12:30:17,887 [INFO] 오늘 호출 횟수: 10500 / 20000
2026-06-01 12:30:38,824 [INFO] 오늘 호출 횟수: 10600 / 20000
2026-06-01 12:31:09,744 [INFO] 오늘 호출 횟수: 10700 / 20000
2026-06-01 12:31:34,126 [INFO] 오늘 호출 횟수: 10800 / 20000
2026-06-01 12:31:59,948 [INFO] 오늘 호출 횟수: 10900 / 20000
2026-06-01 12:32:23,821 [INFO] 오늘 호출 횟수: 11000 / 20000
2026-06-01 12:32:43,433 [INFO] 오늘 호출 횟수: 11100 / 20000
2026-06-01 12:33:06,697 [INFO] 오늘 호출 횟수: 11200 / 20000
2026-06-01 12:33:34,733 [INFO] 오늘 호출 횟수: 11300 / 20000
2026-06-01 12:33:55,256 [INFO] 오늘 호출 횟수: 11400 / 20000
2026-06-01 12:34:19,166 [INFO] 오늘 호출 횟수: 11500 / 20000
2026-06-01 12:34:43,845 [INFO] 오늘 호출 횟수: 11600 / 20000
2026-06-01 12:35:03,356 [INFO] 오늘 호출 횟수: 11700 / 20000
2026-06-01 12:35:29,943 [INFO] 오늘 호출 횟수: 11800 / 20000
2026-06-01 12:35:53,072 [INFO] 오늘 호출 횟수: 11900 / 20000
2026-06-01 12:36:22,582 [INFO] 오늘 호출 횟수: 12000 / 20000
2026-06-01 12:36:47,343 [INFO] 오늘 호출 횟수: 12100 / 20000
2026-06-01 12:37:17,009 [INFO] 오늘 호출 횟수: 12200 / 20000
2026-06-01 12:37:42,371 [INFO] 오늘 호출 횟수: 12300 / 20000
2026-06-01 12:38:12,835 [INFO] 오늘 호출 횟수: 12400 / 20000
2026-06-01 12:38:35,089 [INFO] 오늘 호출 횟수: 12500 / 20000
2026-06-01 12:38:58,262 [INFO] 오늘 호출 횟수: 12600 / 20000
2026-06-01 12:39:23,591 [INFO] 오늘 호출 횟수: 12700 / 20000
2026-06-01 12:39:42,164 [INFO] 오늘 호출 횟수: 12800 / 20000
2026-06-01 12:40:04,073 [INFO] 오늘 호출 횟수: 12900 / 20000
2026-06-01 12:40:23,476 [INFO] 오늘 호출 횟수: 13000 / 20000
2026-06-01 12:40:47,867 [INFO] 오늘 호출 횟수: 13100 / 20000
2026-06-01 12:41:10,679 [INFO] 오늘 호출 횟수: 13200 / 20000
2026-06-01 12:41:35,082 [INFO] 오늘 호출 횟수: 13300 / 20000
2026-06-01 12:41:56,868 [INFO] 오늘 호출 횟수: 13400 / 20000
2026-06-01 12:42:12,711 [INFO] 오늘 호출 횟수: 13500 / 20000
2026-06-01 12:42:29,486 [INFO] 오늘 호출 횟수: 13600 / 20000
2026-06-01 12:42:51,202 [INFO] 오늘 호출 횟수: 13700 / 20000
2026-06-01 12:43:10,500 [INFO] 오늘 호출 횟수: 13800 / 20000
2026-06-01 12:43:33,177 [INFO] 오늘 호출 횟수: 13900 / 20000
2026-06-01 12:43:51,323 [INFO] 오늘 호출 횟수: 14000 / 20000
2026-06-01 12:44:11,002 [INFO] 오늘 호출 횟수: 14100 / 20000
2026-06-01 12:44:32,820 [INFO] 오늘 호출 횟수: 14200 / 20000
2026-06-01 12:44:59,079 [INFO] 오늘 호출 횟수: 14300 / 20000
2026-06-01 12:45:22,730 [INFO] 오늘 호출 횟수: 14400 / 20000
2026-06-01 12:45:39,952 [INFO] 오늘 호출 횟수: 14500 / 20000
2026-06-01 12:45:59,310 [INFO] 오늘 호출 횟수: 14600 / 20000
2026-06-01 12:46:21,357 [INFO] 오늘 호출 횟수: 14700 / 20000
2026-06-01 12:46:37,677 [INFO] 오늘 호출 횟수: 14800 / 20000
2026-06-01 12:47:04,538 [INFO] 오늘 호출 횟수: 14900 / 20000
2026-06-01 12:47:22,767 [INFO] 오늘 호출 횟수: 15000 / 20000
2026-06-01 12:47:46,592 [INFO] 오늘 호출 횟수: 15100 / 20000
2026-06-01 12:48:05,546 [INFO] 오늘 호출 횟수: 15200 / 20000
2026-06-01 12:48:25,424 [INFO] 오늘 호출 횟수: 15300 / 20000
2026-06-01 12:48:45,266 [INFO] 오늘 호출 횟수: 15400 / 20000
2026-06-01 12:49:10,576 [INFO] 오늘 호출 횟수: 15500 / 20000
2026-06-01 12:49:26,239 [INFO] 오늘 호출 횟수: 15600 / 20000
2026-06-01 12:49:44,435 [INFO] 오늘 호출 횟수: 15700 / 20000
2026-06-01 12:50:02,381 [INFO] 오늘 호출 횟수: 15800 / 20000
2026-06-01 12:50:24,565 [INFO] 오늘 호출 횟수: 15900 / 20000
2026-06-01 12:50:44,196 [INFO] 오늘 호출 횟수: 16000 / 20000
2026-06-01 12:51:03,318 [INFO] 오늘 호출 횟수: 16100 / 20000
2026-06-01 12:51:21,446 [INFO] 오늘 호출 횟수: 16200 / 20000
2026-06-01 12:51:45,678 [INFO] 오늘 호출 횟수: 16300 / 20000
2026-06-01 12:52:02,593 [INFO] 오늘 호출 횟수: 16400 / 20000
2026-06-01 12:52:21,727 [INFO] 오늘 호출 횟수: 16500 / 20000
2026-06-01 12:52:39,194 [INFO] 오늘 호출 횟수: 16600 / 20000
2026-06-01 12:53:01,588 [INFO] 오늘 호출 횟수: 16700 / 20000
2026-06-01 12:53:25,926 [INFO] 오늘 호출 횟수: 16800 / 20000
2026-06-01 12:53:45,217 [INFO] 오늘 호출 횟수: 16900 / 20000
2026-06-01 12:54:04,810 [INFO] 오늘 호출 횟수: 17000 / 20000
2026-06-01 12:54:25,060 [INFO] 오늘 호출 횟수: 17100 / 20000
2026-06-01 12:54:48,661 [INFO] 오늘 호출 횟수: 17200 / 20000
2026-06-01 12:55:08,325 [INFO] 오늘 호출 횟수: 17300 / 20000
2026-06-01 12:55:25,821 [INFO] 오늘 호출 횟수: 17400 / 20000
2026-06-01 12:55:40,703 [INFO] 오늘 호출 횟수: 17500 / 20000
2026-06-01 12:56:01,642 [INFO] 오늘 호출 횟수: 17600 / 20000
2026-06-01 12:56:22,581 [INFO] 오늘 호출 횟수: 17700 / 20000
2026-06-01 12:56:43,966 [INFO] 오늘 호출 횟수: 17800 / 20000
2026-06-01 12:57:04,603 [INFO] 오늘 호출 횟수: 17900 / 20000
2026-06-01 12:57:25,744 [INFO] 오늘 호출 횟수: 18000 / 20000
2026-06-01 12:57:42,903 [INFO] 오늘 호출 횟수: 18100 / 20000
2026-06-01 12:58:00,483 [INFO] 오늘 호출 횟수: 18200 / 20000
2026-06-01 12:58:21,460 [INFO] 오늘 호출 횟수: 18300 / 20000
2026-06-01 12:58:40,538 [INFO] 오늘 호출 횟수: 18400 / 20000
2026-06-01 12:59:08,099 [INFO] 오늘 호출 횟수: 18500 / 20000
2026-06-01 12:59:28,941 [INFO] 오늘 호출 횟수: 18600 / 20000
2026-06-01 12:59:56,452 [INFO] 오늘 호출 횟수: 18700 / 20000
2026-06-01 13:00:22,710 [INFO] 오늘 호출 횟수: 18800 / 20000
2026-06-01 13:00:44,603 [INFO] 오늘 호출 횟수: 18900 / 20000
2026-06-01 13:01:06,880 [INFO] 오늘 호출 횟수: 19000 / 20000
2026-06-01 13:01:27,627 [INFO] 오늘 호출 횟수: 19100 / 20000
2026-06-01 13:01:44,354 [INFO] 오늘 호출 횟수: 19200 / 20000
2026-06-01 13:02:03,340 [INFO] 오늘 호출 횟수: 19300 / 20000
2026-06-01 13:02:23,590 [INFO] 오늘 호출 횟수: 19400 / 20000
2026-06-01 13:02:49,051 [INFO] 오늘 호출 횟수: 19500 / 20000
2026-06-01 13:03:10,474 [INFO] 오늘 호출 횟수: 19600 / 20000
2026-06-01 13:03:29,733 [INFO] 오늘 호출 횟수: 19700 / 20000
2026-06-01 13:03:47,335 [INFO] 오늘 호출 횟수: 19800 / 20000
2026-06-01 13:04:05,989 [INFO] 오늘 호출 횟수: 19900 / 20000
2026-06-01 13:04:24,835 [INFO] 오늘 호출 횟수: 20000 / 20000
2026-06-01 13:04:24,835 [ERROR] 일일 한도 도달: 20000
2026-06-01 15:34:13,250 [INFO] 오늘 호출 횟수: 100 / 20000
2026-06-01 15:34:33,479 [INFO] 오늘 호출 횟수: 200 / 20000
2026-06-01 15:35:00,364 [INFO] 오늘 호출 횟수: 300 / 20000
2026-06-01 15:35:22,313 [INFO] 오늘 호출 횟수: 400 / 20000
2026-06-01 15:35:40,191 [INFO] 오늘 호출 횟수: 500 / 20000
2026-06-01 15:36:02,273 [INFO] 오늘 호출 횟수: 600 / 20000
2026-06-01 15:36:27,874 [INFO] 오늘 호출 횟수: 700 / 20000
2026-06-01 15:36:49,342 [INFO] 오늘 호출 횟수: 800 / 20000
2026-06-01 15:37:06,618 [INFO] 오늘 호출 횟수: 900 / 20000
2026-06-01 15:37:30,067 [INFO] 오늘 호출 횟수: 1000 / 20000
2026-06-01 15:37:53,806 [INFO] 오늘 호출 횟수: 1100 / 20000
2026-06-01 15:38:12,019 [INFO] 오늘 호출 횟수: 1200 / 20000
2026-06-01 15:38:28,584 [INFO] 오늘 호출 횟수: 1300 / 20000
2026-06-01 15:38:47,100 [INFO] 오늘 호출 횟수: 1400 / 20000
2026-06-01 15:39:14,095 [INFO] 오늘 호출 횟수: 1500 / 20000
2026-06-01 15:39:36,677 [INFO] 오늘 호출 횟수: 1600 / 20000
2026-06-01 15:39:59,428 [INFO] 오늘 호출 횟수: 1700 / 20000
2026-06-01 15:40:24,954 [INFO] 오늘 호출 횟수: 1800 / 20000
2026-06-01 15:40:47,535 [INFO] 오늘 호출 횟수: 1900 / 20000
2026-06-01 15:41:08,780 [INFO] 오늘 호출 횟수: 2000 / 20000
2026-06-01 15:41:32,993 [INFO] 오늘 호출 횟수: 2100 / 20000
2026-06-01 15:41:56,586 [INFO] 오늘 호출 횟수: 2200 / 20000
2026-06-01 15:42:17,374 [INFO] 오늘 호출 횟수: 2300 / 20000
2026-06-01 15:42:36,017 [INFO] 오늘 호출 횟수: 2400 / 20000
2026-06-01 15:43:00,254 [INFO] 오늘 호출 횟수: 2500 / 20000
2026-06-01 15:43:21,826 [INFO] 오늘 호출 횟수: 2600 / 20000
2026-06-01 15:43:41,924 [INFO] 오늘 호출 횟수: 2700 / 20000
2026-06-01 15:44:05,145 [INFO] 오늘 호출 횟수: 2800 / 20000
2026-06-01 15:44:26,194 [INFO] 오늘 호출 횟수: 2900 / 20000
2026-06-01 15:44:51,170 [INFO] 오늘 호출 횟수: 3000 / 20000
2026-06-01 15:45:13,892 [INFO] 오늘 호출 횟수: 3100 / 20000
2026-06-01 15:45:38,476 [INFO] 오늘 호출 횟수: 3200 / 20000
2026-06-01 15:45:56,679 [INFO] 오늘 호출 횟수: 3300 / 20000
2026-06-01 15:46:12,753 [INFO] 오늘 호출 횟수: 3400 / 20000
2026-06-01 15:46:29,910 [INFO] 오늘 호출 횟수: 3500 / 20000
2026-06-01 15:46:50,852 [INFO] 오늘 호출 횟수: 3600 / 20000
2026-06-01 15:47:13,746 [INFO] 오늘 호출 횟수: 3700 / 20000
2026-06-01 15:47:34,220 [INFO] 오늘 호출 횟수: 3800 / 20000
2026-06-01 15:47:58,366 [INFO] 오늘 호출 횟수: 3900 / 20000
2026-06-01 15:48:18,180 [INFO] 오늘 호출 횟수: 4000 / 20000
2026-06-01 15:48:39,252 [INFO] 오늘 호출 횟수: 4100 / 20000
2026-06-01 15:48:58,029 [INFO] 오늘 호출 횟수: 4200 / 20000
2026-06-01 15:49:17,774 [INFO] 오늘 호출 횟수: 4300 / 20000
2026-06-01 15:49:40,395 [INFO] 오늘 호출 횟수: 4400 / 20000
2026-06-01 15:50:02,688 [INFO] 오늘 호출 횟수: 4500 / 20000
2026-06-01 15:50:21,152 [INFO] 오늘 호출 횟수: 4600 / 20000
2026-06-01 15:50:38,387 [INFO] 오늘 호출 횟수: 4700 / 20000
2026-06-01 15:50:55,118 [INFO] 오늘 호출 횟수: 4800 / 20000
2026-06-01 15:51:18,697 [INFO] 오늘 호출 횟수: 4900 / 20000
2026-06-01 15:51:40,022 [INFO] 오늘 호출 횟수: 5000 / 20000
2026-06-01 15:52:00,045 [INFO] 오늘 호출 횟수: 5100 / 20000
2026-06-01 15:52:18,103 [INFO] 오늘 호출 횟수: 5200 / 20000
2026-06-01 15:52:34,882 [INFO] 오늘 호출 횟수: 5300 / 20000
2026-06-01 15:52:54,304 [INFO] 오늘 호출 횟수: 5400 / 20000
2026-06-01 15:53:15,505 [INFO] 오늘 호출 횟수: 5500 / 20000
2026-06-01 15:53:37,946 [INFO] 오늘 호출 횟수: 5600 / 20000
2026-06-01 15:53:58,490 [INFO] 오늘 호출 횟수: 5700 / 20000
2026-06-01 15:54:17,986 [INFO] 오늘 호출 횟수: 5800 / 20000
2026-06-01 15:54:39,673 [INFO] 오늘 호출 횟수: 5900 / 20000
2026-06-01 15:55:04,305 [INFO] 오늘 호출 횟수: 6000 / 20000
2026-06-01 15:55:23,583 [INFO] 오늘 호출 횟수: 6100 / 20000
2026-06-01 15:55:43,225 [INFO] 오늘 호출 횟수: 6200 / 20000
2026-06-01 15:56:08,014 [INFO] 오늘 호출 횟수: 6300 / 20000
2026-06-01 15:56:33,826 [INFO] 오늘 호출 횟수: 6400 / 20000
2026-06-01 15:56:57,455 [INFO] 오늘 호출 횟수: 6500 / 20000
2026-06-01 15:57:16,079 [INFO] 오늘 호출 횟수: 6600 / 20000
2026-06-01 15:57:38,342 [INFO] 오늘 호출 횟수: 6700 / 20000
2026-06-01 15:57:58,354 [INFO] 오늘 호출 횟수: 6800 / 20000
2026-06-01 15:58:17,181 [INFO] 오늘 호출 횟수: 6900 / 20000
2026-06-01 15:58:35,316 [INFO] 오늘 호출 횟수: 7000 / 20000
2026-06-01 15:58:55,841 [INFO] 오늘 호출 횟수: 7100 / 20000
2026-06-01 15:59:11,529 [INFO] 오늘 호출 횟수: 7200 / 20000
2026-06-01 15:59:33,441 [INFO] 오늘 호출 횟수: 7300 / 20000
2026-06-01 15:59:53,978 [INFO] 오늘 호출 횟수: 7400 / 20000
2026-06-01 16:00:21,565 [INFO] 오늘 호출 횟수: 7500 / 20000
2026-06-01 16:00:51,320 [INFO] 오늘 호출 횟수: 7600 / 20000
2026-06-01 16:01:16,048 [INFO] 오늘 호출 횟수: 7700 / 20000
2026-06-01 16:01:37,091 [INFO] 오늘 호출 횟수: 7800 / 20000
2026-06-01 16:01:56,956 [INFO] 오늘 호출 횟수: 7900 / 20000
2026-06-01 16:02:18,269 [INFO] 오늘 호출 횟수: 8000 / 20000
2026-06-01 16:02:40,216 [INFO] 오늘 호출 횟수: 8100 / 20000
2026-06-01 16:03:00,915 [INFO] 오늘 호출 횟수: 8200 / 20000
2026-06-01 16:03:28,655 [INFO] 오늘 호출 횟수: 8300 / 20000
2026-06-01 16:03:47,656 [INFO] 오늘 호출 횟수: 8400 / 20000
2026-06-01 16:04:09,129 [INFO] 오늘 호출 횟수: 8500 / 20000
2026-06-01 16:04:28,967 [INFO] 오늘 호출 횟수: 8600 / 20000
2026-06-01 16:04:47,517 [INFO] 오늘 호출 횟수: 8700 / 20000
2026-06-01 16:05:07,903 [INFO] 오늘 호출 횟수: 8800 / 20000
2026-06-01 16:05:27,977 [INFO] 오늘 호출 횟수: 8900 / 20000
2026-06-01 16:05:49,004 [INFO] 오늘 호출 횟수: 9000 / 20000
2026-06-01 16:06:13,623 [INFO] 오늘 호출 횟수: 9100 / 20000
2026-06-01 16:06:34,292 [INFO] 오늘 호출 횟수: 9200 / 20000
2026-06-01 16:06:52,612 [INFO] 오늘 호출 횟수: 9300 / 20000
2026-06-01 16:07:15,265 [INFO] 오늘 호출 횟수: 9400 / 20000
2026-06-01 16:07:43,244 [INFO] 오늘 호출 횟수: 9500 / 20000
2026-06-01 16:08:02,025 [INFO] 오늘 호출 횟수: 9600 / 20000
2026-06-01 16:08:21,081 [INFO] 오늘 호출 횟수: 9700 / 20000
2026-06-01 16:08:46,802 [INFO] 오늘 호출 횟수: 9800 / 20000
2026-06-01 16:09:09,788 [INFO] 오늘 호출 횟수: 9900 / 20000
2026-06-01 16:09:29,191 [INFO] 오늘 호출 횟수: 10000 / 20000
2026-06-01 16:09:50,378 [INFO] 오늘 호출 횟수: 10100 / 20000
2026-06-01 16:10:13,969 [INFO] 오늘 호출 횟수: 10200 / 20000
2026-06-01 16:10:32,044 [INFO] 오늘 호출 횟수: 10300 / 20000
2026-06-01 16:10:50,288 [INFO] 오늘 호출 횟수: 10400 / 20000
2026-06-01 16:11:08,728 [INFO] 오늘 호출 횟수: 10500 / 20000
2026-06-01 16:11:32,046 [INFO] 오늘 호출 횟수: 10600 / 20000
2026-06-01 16:11:57,295 [INFO] 오늘 호출 횟수: 10700 / 20000
2026-06-01 16:12:19,886 [INFO] 오늘 호출 횟수: 10800 / 20000
2026-06-01 16:12:43,272 [INFO] 오늘 호출 횟수: 10900 / 20000
2026-06-01 16:13:04,456 [INFO] 오늘 호출 횟수: 11000 / 20000
2026-06-01 16:13:23,587 [INFO] 오늘 호출 횟수: 11100 / 20000
2026-06-01 16:13:40,187 [INFO] 오늘 호출 횟수: 11200 / 20000
2026-06-01 16:14:04,775 [INFO] 오늘 호출 횟수: 11300 / 20000
2026-06-01 16:14:24,849 [INFO] 오늘 호출 횟수: 11400 / 20000
2026-06-01 16:14:48,836 [INFO] 오늘 호출 횟수: 11500 / 20000
2026-06-01 16:15:09,416 [INFO] 오늘 호출 횟수: 11600 / 20000
2026-06-01 16:15:30,477 [INFO] 오늘 호출 횟수: 11700 / 20000
2026-06-01 16:15:49,226 [INFO] 오늘 호출 횟수: 11800 / 20000
2026-06-01 16:16:08,674 [INFO] 오늘 호출 횟수: 11900 / 20000
2026-06-01 16:16:33,108 [INFO] 오늘 호출 횟수: 12000 / 20000
2026-06-01 16:16:51,363 [INFO] 오늘 호출 횟수: 12100 / 20000
2026-06-01 16:17:12,468 [INFO] 오늘 호출 횟수: 12200 / 20000
2026-06-01 16:17:29,361 [INFO] 오늘 호출 횟수: 12300 / 20000
2026-06-01 16:17:49,888 [INFO] 오늘 호출 횟수: 12400 / 20000
2026-06-01 16:18:09,036 [INFO] 오늘 호출 횟수: 12500 / 20000
2026-06-01 16:18:25,274 [INFO] 오늘 호출 횟수: 12600 / 20000
2026-06-01 16:18:44,362 [INFO] 오늘 호출 횟수: 12700 / 20000
2026-06-01 16:19:06,293 [INFO] 오늘 호출 횟수: 12800 / 20000
2026-06-01 16:19:27,470 [INFO] 오늘 호출 횟수: 12900 / 20000
2026-06-01 16:19:48,192 [INFO] 오늘 호출 횟수: 13000 / 20000
2026-06-01 16:20:08,910 [INFO] 오늘 호출 횟수: 13100 / 20000
2026-06-01 16:20:30,211 [INFO] 오늘 호출 횟수: 13200 / 20000
2026-06-01 16:20:53,313 [INFO] 오늘 호출 횟수: 13300 / 20000
2026-06-01 16:21:13,028 [INFO] 오늘 호출 횟수: 13400 / 20000
2026-06-01 16:21:32,051 [INFO] 오늘 호출 횟수: 13500 / 20000
2026-06-01 16:21:53,659 [INFO] 오늘 호출 횟수: 13600 / 20000
2026-06-01 16:22:20,726 [INFO] 오늘 호출 횟수: 13700 / 20000
2026-06-01 16:22:46,950 [INFO] 오늘 호출 횟수: 13800 / 20000
2026-06-01 16:23:10,471 [INFO] 오늘 호출 횟수: 13900 / 20000
2026-06-01 16:23:30,227 [INFO] 오늘 호출 횟수: 14000 / 20000
2026-06-01 16:23:49,877 [INFO] 오늘 호출 횟수: 14100 / 20000
2026-06-01 16:24:06,903 [INFO] 오늘 호출 횟수: 14200 / 20000
2026-06-01 16:24:24,972 [INFO] 오늘 호출 횟수: 14300 / 20000
2026-06-01 16:24:49,396 [INFO] 오늘 호출 횟수: 14400 / 20000
2026-06-01 16:25:18,702 [INFO] 오늘 호출 횟수: 14500 / 20000
2026-06-01 16:25:41,108 [INFO] 오늘 호출 횟수: 14600 / 20000
2026-06-01 16:25:59,744 [INFO] 오늘 호출 횟수: 14700 / 20000
2026-06-01 16:26:16,345 [INFO] 오늘 호출 횟수: 14800 / 20000
2026-06-01 16:26:38,227 [INFO] 오늘 호출 횟수: 14900 / 20000
2026-06-01 16:27:01,083 [INFO] 오늘 호출 횟수: 15000 / 20000
2026-06-01 16:27:19,846 [INFO] 오늘 호출 횟수: 15100 / 20000
2026-06-01 16:27:38,702 [INFO] 오늘 호출 횟수: 15200 / 20000
2026-06-01 16:27:59,147 [INFO] 오늘 호출 횟수: 15300 / 20000
2026-06-01 16:28:17,232 [INFO] 오늘 호출 횟수: 15400 / 20000
2026-06-01 16:28:36,133 [INFO] 오늘 호출 횟수: 15500 / 20000
2026-06-01 16:28:56,230 [INFO] 오늘 호출 횟수: 15600 / 20000
2026-06-01 16:29:18,997 [INFO] 오늘 호출 횟수: 15700 / 20000
2026-06-01 16:29:39,599 [INFO] 오늘 호출 횟수: 15800 / 20000
2026-06-01 16:30:02,119 [INFO] 오늘 호출 횟수: 15900 / 20000
2026-06-01 16:30:24,300 [INFO] 오늘 호출 횟수: 16000 / 20000
2026-06-01 16:30:43,226 [INFO] 오늘 호출 횟수: 16100 / 20000
2026-06-01 16:31:02,851 [INFO] 오늘 호출 횟수: 16200 / 20000
2026-06-01 16:31:24,497 [INFO] 오늘 호출 횟수: 16300 / 20000
2026-06-01 16:31:48,214 [INFO] 오늘 호출 횟수: 16400 / 20000
2026-06-01 16:32:13,195 [INFO] 오늘 호출 횟수: 16500 / 20000
2026-06-01 16:33:08,611 [INFO] 오늘 호출 횟수: 16600 / 20000
2026-06-01 16:33:59,433 [INFO] 오늘 호출 횟수: 16700 / 20000
2026-06-01 16:34:51,493 [INFO] 오늘 호출 횟수: 16800 / 20000
2026-06-01 16:35:32,175 [INFO] 오늘 호출 횟수: 16900 / 20000
2026-06-01 16:36:06,693 [INFO] 오늘 호출 횟수: 17000 / 20000
2026-06-01 16:36:51,910 [INFO] 오늘 호출 횟수: 17100 / 20000
2026-06-01 16:37:41,040 [INFO] 오늘 호출 횟수: 17200 / 20000
2026-06-01 16:38:32,487 [INFO] 오늘 호출 횟수: 17300 / 20000
2026-06-01 16:39:19,288 [INFO] 오늘 호출 횟수: 17400 / 20000
2026-06-01 16:39:53,561 [INFO] 오늘 호출 횟수: 17500 / 20000
2026-06-01 16:40:36,710 [INFO] 오늘 호출 횟수: 17600 / 20000
2026-06-01 16:41:36,016 [INFO] 오늘 호출 횟수: 17700 / 20000
2026-06-01 16:42:07,123 [INFO] 오늘 호출 횟수: 17800 / 20000
2026-06-01 16:42:47,388 [INFO] 오늘 호출 횟수: 17900 / 20000
2026-06-01 16:43:36,140 [INFO] 오늘 호출 횟수: 18000 / 20000
2026-06-01 16:44:30,936 [INFO] 오늘 호출 횟수: 18100 / 20000
2026-06-01 16:45:39,903 [INFO] 오늘 호출 횟수: 18200 / 20000
2026-06-01 16:46:20,166 [INFO] 오늘 호출 횟수: 18300 / 20000
2026-06-01 16:51:09,139 [INFO] 오늘 호출 횟수: 18400 / 20000
2026-06-01 16:51:32,714 [INFO] 오늘 호출 횟수: 18500 / 20000
2026-06-01 16:51:55,987 [INFO] 오늘 호출 횟수: 18600 / 20000
2026-06-01 16:52:16,138 [INFO] 오늘 호출 횟수: 18700 / 20000
2026-06-01 16:52:39,384 [INFO] 오늘 호출 횟수: 18800 / 20000
2026-06-01 16:53:01,159 [INFO] 오늘 호출 횟수: 18900 / 20000
2026-06-01 16:53:22,102 [INFO] 오늘 호출 횟수: 19000 / 20000
2026-06-01 16:53:38,824 [INFO] 오늘 호출 횟수: 19100 / 20000
2026-06-01 16:54:00,801 [INFO] 오늘 호출 횟수: 19200 / 20000
2026-06-01 16:54:26,757 [INFO] 오늘 호출 횟수: 19300 / 20000
2026-06-01 16:54:49,848 [INFO] 오늘 호출 횟수: 19400 / 20000
2026-06-01 16:55:08,658 [INFO] 오늘 호출 횟수: 19500 / 20000
2026-06-01 16:55:29,709 [INFO] 오늘 호출 횟수: 19600 / 20000
2026-06-01 16:55:49,862 [INFO] 오늘 호출 횟수: 19700 / 20000
2026-06-01 16:56:08,956 [INFO] 오늘 호출 횟수: 19800 / 20000
2026-06-01 16:56:31,514 [INFO] 오늘 호출 횟수: 19900 / 20000
2026-06-01 16:56:50,287 [INFO] 오늘 호출 횟수: 20000 / 20000
2026-06-01 16:56:50,287 [ERROR] 일일 한도 도달: 20000
2026-06-01 17:02:02,162 [INFO] 오늘 호출 횟수: 100 / 20000
2026-06-01 17:02:27,715 [INFO] 오늘 호출 횟수: 200 / 20000
2026-06-01 17:02:53,009 [INFO] 오늘 호출 횟수: 300 / 20000
2026-06-01 17:03:19,435 [INFO] 오늘 호출 횟수: 400 / 20000
2026-06-01 17:03:41,368 [INFO] 오늘 호출 횟수: 500 / 20000
2026-06-01 17:04:04,892 [INFO] 오늘 호출 횟수: 600 / 20000
2026-06-01 17:04:25,528 [INFO] 오늘 호출 횟수: 700 / 20000
2026-06-01 17:04:53,300 [INFO] 오늘 호출 횟수: 800 / 20000
2026-06-01 17:05:13,803 [INFO] 오늘 호출 횟수: 900 / 20000
2026-06-01 17:05:38,661 [INFO] 오늘 호출 횟수: 1000 / 20000
2026-06-01 17:05:57,616 [INFO] 오늘 호출 횟수: 1100 / 20000
2026-06-01 17:06:15,937 [INFO] 오늘 호출 횟수: 1200 / 20000
2026-06-01 17:06:35,791 [INFO] 오늘 호출 횟수: 1300 / 20000
2026-06-01 17:06:55,119 [INFO] 오늘 호출 횟수: 1400 / 20000
2026-06-01 17:07:10,977 [INFO] 오늘 호출 횟수: 1500 / 20000
2026-06-01 17:07:27,071 [INFO] 오늘 호출 횟수: 1600 / 20000
2026-06-01 17:07:44,164 [INFO] 오늘 호출 횟수: 1700 / 20000
2026-06-01 17:08:02,618 [INFO] 오늘 호출 횟수: 1800 / 20000
2026-06-01 17:08:23,802 [INFO] 오늘 호출 횟수: 1900 / 20000
2026-06-01 17:08:46,432 [INFO] 오늘 호출 횟수: 2000 / 20000
2026-06-01 17:09:09,912 [INFO] 오늘 호출 횟수: 2100 / 20000
2026-06-01 17:09:39,352 [INFO] 오늘 호출 횟수: 2200 / 20000
2026-06-01 17:10:01,342 [INFO] 오늘 호출 횟수: 2300 / 20000
2026-06-01 17:10:31,377 [INFO] 오늘 호출 횟수: 2400 / 20000
2026-06-01 17:10:52,280 [INFO] 오늘 호출 횟수: 2500 / 20000
2026-06-01 17:11:21,639 [INFO] 오늘 호출 횟수: 2600 / 20000
2026-06-01 17:11:49,939 [INFO] 오늘 호출 횟수: 2700 / 20000
2026-06-01 17:12:15,649 [INFO] 오늘 호출 횟수: 2800 / 20000
2026-06-01 17:12:38,262 [INFO] 오늘 호출 횟수: 2900 / 20000
2026-06-01 17:13:08,961 [INFO] 오늘 호출 횟수: 3000 / 20000
2026-06-01 17:13:29,446 [INFO] 오늘 호출 횟수: 3100 / 20000
2026-06-01 17:13:50,896 [INFO] 오늘 호출 횟수: 3200 / 20000
2026-06-01 17:14:19,554 [INFO] 오늘 호출 횟수: 3300 / 20000
2026-06-01 17:14:45,904 [INFO] 오늘 호출 횟수: 3400 / 20000
2026-06-01 17:15:10,166 [INFO] 오늘 호출 횟수: 3500 / 20000
2026-06-01 17:15:30,072 [INFO] 오늘 호출 횟수: 3600 / 20000
2026-06-01 17:15:51,247 [INFO] 오늘 호출 횟수: 3700 / 20000
2026-06-01 17:16:11,376 [INFO] 오늘 호출 횟수: 3800 / 20000
2026-06-01 17:16:37,323 [INFO] 오늘 호출 횟수: 3900 / 20000
2026-06-01 17:16:58,434 [INFO] 오늘 호출 횟수: 4000 / 20000
2026-06-01 17:17:18,134 [INFO] 오늘 호출 횟수: 4100 / 20000
2026-06-01 17:17:36,274 [INFO] 오늘 호출 횟수: 4200 / 20000
2026-06-01 17:17:55,208 [INFO] 오늘 호출 횟수: 4300 / 20000
2026-06-01 17:18:14,586 [INFO] 오늘 호출 횟수: 4400 / 20000
2026-06-01 17:18:35,142 [INFO] 오늘 호출 횟수: 4500 / 20000
2026-06-01 17:18:54,994 [INFO] 오늘 호출 횟수: 4600 / 20000
2026-06-01 17:19:11,780 [INFO] 오늘 호출 횟수: 4700 / 20000
2026-06-01 17:19:30,829 [INFO] 오늘 호출 횟수: 4800 / 20000
2026-06-01 17:19:49,883 [INFO] 오늘 호출 횟수: 4900 / 20000
2026-06-01 17:20:09,194 [INFO] 오늘 호출 횟수: 5000 / 20000
2026-06-01 17:20:35,725 [INFO] 오늘 호출 횟수: 5100 / 20000
2026-06-01 17:21:04,189 [INFO] 오늘 호출 횟수: 5200 / 20000
2026-06-01 17:21:28,338 [INFO] 오늘 호출 횟수: 5300 / 20000
2026-06-01 17:21:47,975 [INFO] 오늘 호출 횟수: 5400 / 20000
2026-06-01 17:22:08,508 [INFO] 오늘 호출 횟수: 5500 / 20000
2026-06-01 17:22:28,807 [INFO] 오늘 호출 횟수: 5600 / 20000
2026-06-01 17:22:51,050 [INFO] 오늘 호출 횟수: 5700 / 20000
2026-06-01 17:23:15,831 [INFO] 오늘 호출 횟수: 5800 / 20000
2026-06-01 17:23:38,367 [INFO] 오늘 호출 횟수: 5900 / 20000
2026-06-01 17:23:59,007 [INFO] 오늘 호출 횟수: 6000 / 20000
2026-06-01 17:24:20,781 [INFO] 오늘 호출 횟수: 6100 / 20000
2026-06-01 17:24:42,346 [INFO] 오늘 호출 횟수: 6200 / 20000
2026-06-01 17:25:03,278 [INFO] 오늘 호출 횟수: 6300 / 20000
2026-06-01 17:25:21,918 [INFO] 오늘 호출 횟수: 6400 / 20000
2026-06-01 17:25:45,796 [INFO] 오늘 호출 횟수: 6500 / 20000
2026-06-01 17:26:05,512 [INFO] 오늘 호출 횟수: 6600 / 20000
2026-06-01 17:26:28,654 [INFO] 오늘 호출 횟수: 6700 / 20000
2026-06-01 17:26:50,793 [INFO] 오늘 호출 횟수: 6800 / 20000
2026-06-01 17:27:10,610 [INFO] 오늘 호출 횟수: 6900 / 20000
2026-06-01 17:27:36,433 [INFO] 오늘 호출 횟수: 7000 / 20000
2026-06-01 17:27:57,001 [INFO] 오늘 호출 횟수: 7100 / 20000
2026-06-01 17:28:15,540 [INFO] 오늘 호출 횟수: 7200 / 20000
2026-06-01 17:28:37,793 [INFO] 오늘 호출 횟수: 7300 / 20000
2026-06-01 17:29:00,379 [INFO] 오늘 호출 횟수: 7400 / 20000
2026-06-01 17:29:20,149 [INFO] 오늘 호출 횟수: 7500 / 20000
2026-06-01 17:29:38,597 [INFO] 오늘 호출 횟수: 7600 / 20000
2026-06-01 17:30:02,687 [INFO] 오늘 호출 횟수: 7700 / 20000
2026-06-01 17:30:35,364 [INFO] 오늘 호출 횟수: 7800 / 20000
2026-06-01 17:30:55,830 [INFO] 오늘 호출 횟수: 7900 / 20000
2026-06-01 17:31:16,138 [INFO] 오늘 호출 횟수: 8000 / 20000
2026-06-01 17:31:44,298 [INFO] 오늘 호출 횟수: 8100 / 20000
2026-06-01 17:32:09,290 [INFO] 오늘 호출 횟수: 8200 / 20000
2026-06-01 17:32:35,526 [INFO] 오늘 호출 횟수: 8300 / 20000
2026-06-01 17:32:55,260 [INFO] 오늘 호출 횟수: 8400 / 20000
2026-06-01 17:33:18,567 [INFO] 오늘 호출 횟수: 8500 / 20000
2026-06-01 17:33:37,698 [INFO] 오늘 호출 횟수: 8600 / 20000
2026-06-01 17:33:56,427 [INFO] 오늘 호출 횟수: 8700 / 20000
2026-06-01 17:34:18,967 [INFO] 오늘 호출 횟수: 8800 / 20000
2026-06-01 17:34:38,077 [INFO] 오늘 호출 횟수: 8900 / 20000
2026-06-01 17:34:56,620 [INFO] 오늘 호출 횟수: 9000 / 20000
2026-06-01 17:35:19,570 [INFO] 오늘 호출 횟수: 9100 / 20000
2026-06-01 17:35:42,161 [INFO] 오늘 호출 횟수: 9200 / 20000
2026-06-01 17:36:06,859 [INFO] 오늘 호출 횟수: 9300 / 20000
2026-06-01 17:36:36,287 [INFO] 오늘 호출 횟수: 9400 / 20000
2026-06-01 17:36:59,803 [INFO] 오늘 호출 횟수: 9500 / 20000
2026-06-01 17:37:22,905 [INFO] 오늘 호출 횟수: 9600 / 20000
2026-06-01 17:37:43,489 [INFO] 오늘 호출 횟수: 9700 / 20000
2026-06-01 17:38:10,013 [INFO] 오늘 호출 횟수: 9800 / 20000
2026-06-01 17:38:29,946 [INFO] 오늘 호출 횟수: 9900 / 20000
2026-06-01 17:38:51,663 [INFO] 오늘 호출 횟수: 10000 / 20000
2026-06-01 17:39:13,080 [INFO] 오늘 호출 횟수: 10100 / 20000
2026-06-01 17:39:33,491 [INFO] 오늘 호출 횟수: 10200 / 20000
2026-06-01 17:39:57,494 [INFO] 오늘 호출 횟수: 10300 / 20000
2026-06-01 17:40:25,709 [INFO] 오늘 호출 횟수: 10400 / 20000
2026-06-01 17:40:45,683 [INFO] 오늘 호출 횟수: 10500 / 20000
2026-06-01 17:41:04,174 [INFO] 오늘 호출 횟수: 10600 / 20000
2026-06-01 17:41:24,049 [INFO] 오늘 호출 횟수: 10700 / 20000
2026-06-01 17:41:43,958 [INFO] 오늘 호출 횟수: 10800 / 20000
2026-06-01 17:42:06,548 [INFO] 오늘 호출 횟수: 10900 / 20000
2026-06-01 17:42:30,112 [INFO] 오늘 호출 횟수: 11000 / 20000
2026-06-01 17:42:52,770 [INFO] 오늘 호출 횟수: 11100 / 20000
2026-06-01 17:43:17,163 [INFO] 오늘 호출 횟수: 11200 / 20000
2026-06-01 17:43:36,404 [INFO] 오늘 호출 횟수: 11300 / 20000
2026-06-01 17:44:03,677 [INFO] 오늘 호출 횟수: 11400 / 20000
2026-06-01 17:44:31,979 [INFO] 오늘 호출 횟수: 11500 / 20000
2026-06-01 17:44:54,172 [INFO] 오늘 호출 횟수: 11600 / 20000
2026-06-01 17:45:17,757 [INFO] 오늘 호출 횟수: 11700 / 20000
2026-06-01 17:45:38,932 [INFO] 오늘 호출 횟수: 11800 / 20000
2026-06-01 17:46:05,745 [INFO] 오늘 호출 횟수: 11900 / 20000
2026-06-01 17:46:25,056 [INFO] 오늘 호출 횟수: 12000 / 20000
2026-06-01 17:46:47,587 [INFO] 오늘 호출 횟수: 12100 / 20000
2026-06-01 17:47:11,128 [INFO] 오늘 호출 횟수: 12200 / 20000
2026-06-01 17:47:33,951 [INFO] 오늘 호출 횟수: 12300 / 20000
2026-06-01 17:47:55,924 [INFO] 오늘 호출 횟수: 12400 / 20000
2026-06-01 17:48:18,498 [INFO] 오늘 호출 횟수: 12500 / 20000
2026-06-01 17:48:38,383 [INFO] 오늘 호출 횟수: 12600 / 20000
2026-06-01 17:49:00,297 [INFO] 오늘 호출 횟수: 12700 / 20000
2026-06-01 17:49:19,222 [INFO] 오늘 호출 횟수: 12800 / 20000
2026-06-01 17:49:39,829 [INFO] 오늘 호출 횟수: 12900 / 20000
2026-06-01 17:49:58,652 [INFO] 오늘 호출 횟수: 13000 / 20000
2026-06-01 17:50:22,483 [INFO] 오늘 호출 횟수: 13100 / 20000
2026-06-01 17:50:46,305 [INFO] 오늘 호출 횟수: 13200 / 20000
2026-06-01 17:51:06,347 [INFO] 오늘 호출 횟수: 13300 / 20000
2026-06-01 17:51:31,532 [INFO] 오늘 호출 횟수: 13400 / 20000
2026-06-01 17:51:48,668 [INFO] 오늘 호출 횟수: 13500 / 20000
2026-06-01 17:52:11,002 [INFO] 오늘 호출 횟수: 13600 / 20000
2026-06-01 17:52:39,399 [INFO] 오늘 호출 횟수: 13700 / 20000
2026-06-01 17:52:59,713 [INFO] 오늘 호출 횟수: 13800 / 20000
2026-06-01 17:53:22,102 [INFO] 오늘 호출 횟수: 13900 / 20000
2026-06-01 17:53:50,096 [INFO] 오늘 호출 횟수: 14000 / 20000
2026-06-01 17:54:12,736 [INFO] 오늘 호출 횟수: 14100 / 20000
2026-06-01 17:54:34,447 [INFO] 오늘 호출 횟수: 14200 / 20000
2026-06-01 17:54:56,290 [INFO] 오늘 호출 횟수: 14300 / 20000
2026-06-01 17:55:17,201 [INFO] 오늘 호출 횟수: 14400 / 20000
2026-06-01 17:55:38,013 [INFO] 오늘 호출 횟수: 14500 / 20000
2026-06-01 17:56:03,174 [INFO] 오늘 호출 횟수: 14600 / 20000
2026-06-01 17:56:23,174 [INFO] 오늘 호출 횟수: 14700 / 20000
2026-06-01 17:56:46,702 [INFO] 오늘 호출 횟수: 14800 / 20000
2026-06-01 17:57:06,872 [INFO] 오늘 호출 횟수: 14900 / 20000
2026-06-01 17:57:31,282 [INFO] 오늘 호출 횟수: 15000 / 20000
2026-06-01 17:58:03,272 [INFO] 오늘 호출 횟수: 15100 / 20000
2026-06-01 17:58:26,648 [INFO] 오늘 호출 횟수: 15200 / 20000
2026-06-01 17:58:52,599 [INFO] 오늘 호출 횟수: 15300 / 20000
2026-06-01 17:59:22,844 [INFO] 오늘 호출 횟수: 15400 / 20000
2026-06-01 17:59:46,611 [INFO] 오늘 호출 횟수: 15500 / 20000
2026-06-01 18:00:15,135 [INFO] 오늘 호출 횟수: 15600 / 20000
2026-06-01 18:00:50,069 [INFO] 오늘 호출 횟수: 15700 / 20000
2026-06-01 18:01:19,929 [INFO] 오늘 호출 횟수: 15800 / 20000
2026-06-01 18:01:43,428 [INFO] 오늘 호출 횟수: 15900 / 20000
2026-06-01 18:02:03,707 [INFO] 오늘 호출 횟수: 16000 / 20000
2026-06-01 18:02:29,198 [INFO] 오늘 호출 횟수: 16100 / 20000
2026-06-01 18:02:53,177 [INFO] 오늘 호출 횟수: 16200 / 20000
2026-06-01 18:03:19,760 [INFO] 오늘 호출 횟수: 16300 / 20000
2026-06-01 18:03:38,059 [INFO] 오늘 호출 횟수: 16400 / 20000
2026-06-01 18:03:58,922 [INFO] 오늘 호출 횟수: 16500 / 20000
2026-06-01 18:04:18,952 [INFO] 오늘 호출 횟수: 16600 / 20000
2026-06-01 18:04:37,834 [INFO] 오늘 호출 횟수: 16700 / 20000
2026-06-01 18:04:59,576 [INFO] 오늘 호출 횟수: 16800 / 20000
2026-06-01 18:05:19,023 [INFO] 오늘 호출 횟수: 16900 / 20000
2026-06-01 18:05:41,414 [INFO] 오늘 호출 횟수: 17000 / 20000
2026-06-01 18:06:03,808 [INFO] 오늘 호출 횟수: 17100 / 20000
2026-06-01 18:06:25,654 [INFO] 오늘 호출 횟수: 17200 / 20000
2026-06-01 18:06:45,869 [INFO] 오늘 호출 횟수: 17300 / 20000
2026-06-01 18:07:03,916 [INFO] 오늘 호출 횟수: 17400 / 20000
2026-06-01 18:07:25,176 [INFO] 오늘 호출 횟수: 17500 / 20000
2026-06-01 18:07:45,918 [INFO] 오늘 호출 횟수: 17600 / 20000
2026-06-01 18:08:08,413 [INFO] 오늘 호출 횟수: 17700 / 20000
2026-06-01 18:08:29,775 [INFO] 오늘 호출 횟수: 17800 / 20000
2026-06-01 18:08:50,155 [INFO] 오늘 호출 횟수: 17900 / 20000
2026-06-01 18:09:10,366 [INFO] 오늘 호출 횟수: 18000 / 20000
2026-06-01 18:09:29,616 [INFO] 오늘 호출 횟수: 18100 / 20000
2026-06-01 18:09:52,978 [INFO] 오늘 호출 횟수: 18200 / 20000
2026-06-01 18:10:18,426 [INFO] 오늘 호출 횟수: 18300 / 20000
2026-06-01 18:10:46,296 [INFO] 오늘 호출 횟수: 18400 / 20000
2026-06-01 18:11:10,084 [INFO] 오늘 호출 횟수: 18500 / 20000
2026-06-01 18:11:30,060 [INFO] 오늘 호출 횟수: 18600 / 20000
2026-06-01 18:11:54,482 [INFO] 오늘 호출 횟수: 18700 / 20000
2026-06-01 18:12:18,875 [INFO] 오늘 호출 횟수: 18800 / 20000
2026-06-01 18:12:44,532 [INFO] 오늘 호출 횟수: 18900 / 20000
2026-06-01 18:13:04,963 [INFO] 오늘 호출 횟수: 19000 / 20000
2026-06-01 18:13:24,412 [INFO] 오늘 호출 횟수: 19100 / 20000
2026-06-01 18:13:46,608 [INFO] 오늘 호출 횟수: 19200 / 20000
2026-06-01 18:14:07,859 [INFO] 오늘 호출 횟수: 19300 / 20000
2026-06-01 18:14:29,599 [INFO] 오늘 호출 횟수: 19400 / 20000
2026-06-01 18:14:49,381 [INFO] 오늘 호출 횟수: 19500 / 20000
2026-06-01 18:15:10,400 [INFO] 오늘 호출 횟수: 19600 / 20000
2026-06-01 18:15:30,311 [INFO] 오늘 호출 횟수: 19700 / 20000
2026-06-01 18:15:52,451 [INFO] 오늘 호출 횟수: 19800 / 20000
2026-06-01 18:16:14,646 [INFO] 오늘 호출 횟수: 19900 / 20000
2026-06-01 18:16:18,090 [ERROR] Rate limit 초과 (status 020): 사용한도를 초과하였습니다.
2026-06-01 18:16:18,091 [ERROR] 60초 대기 후 재시도...
2026-06-01 18:17:18,204 [ERROR] Rate limit 초과 (status 020): 사용한도를 초과하였습니다.
2026-06-01 18:17:18,210 [ERROR] 60초 대기 후 재시도...
2026-06-01 18:18:18,370 [ERROR] Rate limit 초과 (status 020): 사용한도를 초과하였습니다.
2026-06-01 18:18:18,370 [ERROR] 60초 대기 후 재시도...
2026-06-01 18:19:18,579 [ERROR] Rate limit 초과 (status 020): 사용한도를 초과하였습니다.
2026-06-01 18:19:18,582 [ERROR] 60초 대기 후 재시도...
2026-06-01 18:20:18,712 [ERROR] Rate limit 초과 (status 020): 사용한도를 초과하였습니다.
2026-06-01 18:20:18,720 [ERROR] 60초 대기 후 재시도...
2026-06-01 18:21:18,882 [ERROR] Rate limit 초과 (status 020): 사용한도를 초과하였습니다.
2026-06-01 18:21:18,882 [ERROR] 60초 대기 후 재시도...
2026-06-01 18:22:19,028 [ERROR] Rate limit 초과 (status 020): 사용한도를 초과하였습니다.
2026-06-01 18:22:19,030 [ERROR] 60초 대기 후 재시도...
2026-06-01 18:23:19,202 [ERROR] Rate limit 초과 (status 020): 사용한도를 초과하였습니다.
2026-06-01 18:23:19,218 [ERROR] 60초 대기 후 재시도...
2026-06-01 18:24:19,404 [ERROR] Rate limit 초과 (status 020): 사용한도를 초과하였습니다.
2026-06-01 18:24:19,404 [ERROR] 60초 대기 후 재시도...
2026-06-01 18:25:19,871 [ERROR] Rate limit 초과 (status 020): 사용한도를 초과하였습니다.
2026-06-01 18:25:19,871 [ERROR] 60초 대기 후 재시도...
2026-06-01 18:26:20,070 [ERROR] Rate limit 초과 (status 020): 사용한도를 초과하였습니다.
2026-06-01 18:26:20,071 [ERROR] 60초 대기 후 재시도...
2026-06-01 18:27:20,274 [ERROR] Rate limit 초과 (status 020): 사용한도를 초과하였습니다.
2026-06-01 18:27:20,275 [ERROR] 60초 대기 후 재시도...
2026-06-01 18:28:20,504 [ERROR] Rate limit 초과 (status 020): 사용한도를 초과하였습니다.
2026-06-01 18:28:20,505 [ERROR] 60초 대기 후 재시도...
2026-06-01 18:29:20,682 [ERROR] Rate limit 초과 (status 020): 사용한도를 초과하였습니다.
2026-06-01 18:29:20,683 [ERROR] 60초 대기 후 재시도...
2026-06-01 18:42:46,766 [INFO] 오늘 호출 횟수: 20000 / 20000
2026-06-01 18:42:46,782 [ERROR] 일일 한도 도달: 20000
2026-06-01 18:43:25,501 [INFO] 오늘 호출 횟수: 100 / 20000
2026-06-01 18:43:43,415 [INFO] 오늘 호출 횟수: 200 / 20000
2026-06-01 18:43:58,980 [INFO] 오늘 호출 횟수: 300 / 20000
2026-06-01 18:44:17,003 [INFO] 오늘 호출 횟수: 400 / 20000
2026-06-01 18:44:35,805 [INFO] 오늘 호출 횟수: 500 / 20000
2026-06-01 18:44:55,637 [INFO] 오늘 호출 횟수: 600 / 20000
2026-06-01 18:45:17,168 [INFO] 오늘 호출 횟수: 700 / 20000
2026-06-01 18:45:37,937 [INFO] 오늘 호출 횟수: 800 / 20000
2026-06-01 18:46:02,465 [INFO] 오늘 호출 횟수: 900 / 20000
2026-06-01 18:46:26,017 [INFO] 오늘 호출 횟수: 1000 / 20000
2026-06-01 18:46:46,798 [INFO] 오늘 호출 횟수: 1100 / 20000
2026-06-01 18:47:07,936 [INFO] 오늘 호출 횟수: 1200 / 20000
2026-06-01 18:47:32,725 [INFO] 오늘 호출 횟수: 1300 / 20000
2026-06-01 18:47:59,196 [INFO] 오늘 호출 횟수: 1400 / 20000
2026-06-01 18:48:20,850 [INFO] 오늘 호출 횟수: 1500 / 20000
2026-06-01 18:48:44,703 [INFO] 오늘 호출 횟수: 1600 / 20000
2026-06-01 18:49:09,978 [INFO] 오늘 호출 횟수: 1700 / 20000
2026-06-01 18:49:30,107 [INFO] 오늘 호출 횟수: 1800 / 20000
2026-06-01 18:49:51,609 [INFO] 오늘 호출 횟수: 1900 / 20000
2026-06-01 18:50:10,431 [INFO] 오늘 호출 횟수: 2000 / 20000
2026-06-01 18:50:31,822 [INFO] 오늘 호출 횟수: 2100 / 20000
2026-06-01 18:50:50,932 [INFO] 오늘 호출 횟수: 2200 / 20000
2026-06-01 18:51:11,816 [INFO] 오늘 호출 횟수: 2300 / 20000
2026-06-01 18:51:32,256 [INFO] 오늘 호출 횟수: 2400 / 20000
2026-06-01 18:51:53,371 [INFO] 오늘 호출 횟수: 2500 / 20000
2026-06-01 18:52:11,671 [INFO] 오늘 호출 횟수: 2600 / 20000
2026-06-01 18:52:34,923 [INFO] 오늘 호출 횟수: 2700 / 20000
2026-06-01 18:52:53,310 [INFO] 오늘 호출 횟수: 2800 / 20000
2026-06-01 18:53:10,850 [INFO] 오늘 호출 횟수: 2900 / 20000
2026-06-01 18:53:30,196 [INFO] 오늘 호출 횟수: 3000 / 20000
2026-06-01 18:53:52,759 [INFO] 오늘 호출 횟수: 3100 / 20000
2026-06-01 18:54:12,518 [INFO] 오늘 호출 횟수: 3200 / 20000
2026-06-01 18:54:32,708 [INFO] 오늘 호출 횟수: 3300 / 20000
2026-06-01 18:54:50,556 [INFO] 오늘 호출 횟수: 3400 / 20000
2026-06-01 18:55:09,625 [INFO] 오늘 호출 횟수: 3500 / 20000
2026-06-01 18:55:27,832 [INFO] 오늘 호출 횟수: 3600 / 20000
2026-06-01 18:55:47,705 [INFO] 오늘 호출 횟수: 3700 / 20000
2026-06-01 18:56:14,333 [INFO] 오늘 호출 횟수: 3800 / 20000
2026-06-01 18:56:34,841 [INFO] 오늘 호출 횟수: 3900 / 20000
2026-06-01 18:56:57,326 [INFO] 오늘 호출 횟수: 4000 / 20000
2026-06-01 18:57:18,475 [INFO] 오늘 호출 횟수: 4100 / 20000
2026-06-01 18:57:42,332 [INFO] 오늘 호출 횟수: 4200 / 20000
2026-06-01 18:58:05,651 [INFO] 오늘 호출 횟수: 4300 / 20000
2026-06-01 18:58:25,247 [INFO] 오늘 호출 횟수: 4400 / 20000
2026-06-01 18:58:50,474 [INFO] 오늘 호출 횟수: 4500 / 20000
2026-06-01 18:59:12,515 [INFO] 오늘 호출 횟수: 4600 / 20000
2026-06-01 18:59:35,921 [INFO] 오늘 호출 횟수: 4700 / 20000
2026-06-01 19:00:01,775 [INFO] 오늘 호출 횟수: 4800 / 20000
2026-06-01 19:00:32,889 [INFO] 오늘 호출 횟수: 4900 / 20000
2026-06-01 19:01:03,755 [INFO] 오늘 호출 횟수: 5000 / 20000
2026-06-01 19:01:28,409 [INFO] 오늘 호출 횟수: 5100 / 20000
2026-06-01 19:01:48,397 [INFO] 오늘 호출 횟수: 5200 / 20000
2026-06-01 19:02:10,117 [INFO] 오늘 호출 횟수: 5300 / 20000
2026-06-01 19:02:35,184 [INFO] 오늘 호출 횟수: 5400 / 20000
2026-06-01 19:03:00,453 [INFO] 오늘 호출 횟수: 5500 / 20000
2026-06-01 19:03:26,756 [INFO] 오늘 호출 횟수: 5600 / 20000
2026-06-01 19:03:48,268 [INFO] 오늘 호출 횟수: 5700 / 20000
2026-06-01 19:04:10,750 [INFO] 오늘 호출 횟수: 5800 / 20000
2026-06-01 19:04:34,768 [INFO] 오늘 호출 횟수: 5900 / 20000
2026-06-01 19:04:56,266 [INFO] 오늘 호출 횟수: 6000 / 20000
2026-06-01 19:05:17,581 [INFO] 오늘 호출 횟수: 6100 / 20000
2026-06-01 19:05:38,915 [INFO] 오늘 호출 횟수: 6200 / 20000
2026-06-01 19:05:58,566 [INFO] 오늘 호출 횟수: 6300 / 20000
2026-06-01 19:06:23,216 [INFO] 오늘 호출 횟수: 6400 / 20000
2026-06-01 19:06:46,589 [INFO] 오늘 호출 횟수: 6500 / 20000
2026-06-01 19:07:07,518 [INFO] 오늘 호출 횟수: 6600 / 20000
2026-06-01 19:07:30,741 [INFO] 오늘 호출 횟수: 6700 / 20000
2026-06-01 19:07:49,223 [INFO] 오늘 호출 횟수: 6800 / 20000
2026-06-01 19:08:10,878 [INFO] 오늘 호출 횟수: 6900 / 20000
2026-06-01 19:08:35,521 [INFO] 오늘 호출 횟수: 7000 / 20000
2026-06-01 19:08:59,595 [INFO] 오늘 호출 횟수: 7100 / 20000
2026-06-01 19:09:23,345 [INFO] 오늘 호출 횟수: 7200 / 20000
2026-06-01 19:09:49,448 [INFO] 오늘 호출 횟수: 7300 / 20000
2026-06-01 19:10:13,191 [INFO] 오늘 호출 횟수: 7400 / 20000
2026-06-01 19:10:35,074 [INFO] 오늘 호출 횟수: 7500 / 20000
2026-06-01 19:10:54,872 [INFO] 오늘 호출 횟수: 7600 / 20000
2026-06-01 19:11:16,172 [INFO] 오늘 호출 횟수: 7700 / 20000
2026-06-01 19:11:38,771 [INFO] 오늘 호출 횟수: 7800 / 20000
2026-06-01 19:12:01,736 [INFO] 오늘 호출 횟수: 7900 / 20000
2026-06-01 19:12:24,244 [INFO] 오늘 호출 횟수: 8000 / 20000
2026-06-01 19:12:46,090 [INFO] 오늘 호출 횟수: 8100 / 20000
2026-06-01 19:13:10,401 [INFO] 오늘 호출 횟수: 8200 / 20000
2026-06-01 19:13:31,759 [INFO] 오늘 호출 횟수: 8300 / 20000
2026-06-01 19:13:51,500 [INFO] 오늘 호출 횟수: 8400 / 20000
2026-06-01 19:14:12,275 [INFO] 오늘 호출 횟수: 8500 / 20000
2026-06-01 19:14:31,798 [INFO] 오늘 호출 횟수: 8600 / 20000
2026-06-01 19:14:55,508 [INFO] 오늘 호출 횟수: 8700 / 20000
2026-06-01 19:15:19,903 [INFO] 오늘 호출 횟수: 8800 / 20000
2026-06-01 19:15:44,326 [INFO] 오늘 호출 횟수: 8900 / 20000
2026-06-01 19:16:08,504 [INFO] 오늘 호출 횟수: 9000 / 20000
2026-06-01 19:16:30,895 [INFO] 오늘 호출 횟수: 9100 / 20000
2026-06-01 19:16:54,202 [INFO] 오늘 호출 횟수: 9200 / 20000
2026-06-01 19:17:19,832 [INFO] 오늘 호출 횟수: 9300 / 20000
2026-06-01 19:17:45,087 [INFO] 오늘 호출 횟수: 9400 / 20000
2026-06-01 19:18:06,815 [INFO] 오늘 호출 횟수: 9500 / 20000
2026-06-01 19:18:31,891 [INFO] 오늘 호출 횟수: 9600 / 20000
2026-06-01 19:18:55,467 [INFO] 오늘 호출 횟수: 9700 / 20000
2026-06-01 19:19:14,107 [INFO] 오늘 호출 횟수: 9800 / 20000
2026-06-01 19:19:34,155 [INFO] 오늘 호출 횟수: 9900 / 20000
2026-06-01 19:19:54,740 [INFO] 오늘 호출 횟수: 10000 / 20000
2026-06-01 19:20:17,503 [INFO] 오늘 호출 횟수: 10100 / 20000
2026-06-01 19:20:39,644 [INFO] 오늘 호출 횟수: 10200 / 20000
2026-06-01 19:21:00,676 [INFO] 오늘 호출 횟수: 10300 / 20000
2026-06-01 19:21:25,055 [INFO] 오늘 호출 횟수: 10400 / 20000
2026-06-01 19:21:47,127 [INFO] 오늘 호출 횟수: 10500 / 20000
2026-06-01 19:22:13,766 [INFO] 오늘 호출 횟수: 10600 / 20000
2026-06-01 19:22:35,461 [INFO] 오늘 호출 횟수: 10700 / 20000
2026-06-01 19:22:56,661 [INFO] 오늘 호출 횟수: 10800 / 20000
2026-06-01 19:23:21,988 [INFO] 오늘 호출 횟수: 10900 / 20000
2026-06-01 19:23:45,730 [INFO] 오늘 호출 횟수: 11000 / 20000
2026-06-01 19:24:06,186 [INFO] 오늘 호출 횟수: 11100 / 20000
2026-06-01 19:24:26,769 [INFO] 오늘 호출 횟수: 11200 / 20000
2026-06-01 19:24:48,552 [INFO] 오늘 호출 횟수: 11300 / 20000
2026-06-01 19:25:12,828 [INFO] 오늘 호출 횟수: 11400 / 20000
2026-06-01 19:25:35,318 [INFO] 오늘 호출 횟수: 11500 / 20000
2026-06-01 19:25:55,224 [INFO] 오늘 호출 횟수: 11600 / 20000
2026-06-01 19:26:16,847 [INFO] 오늘 호출 횟수: 11700 / 20000
2026-06-01 19:26:36,976 [INFO] 오늘 호출 횟수: 11800 / 20000
2026-06-01 19:26:58,978 [INFO] 오늘 호출 횟수: 11900 / 20000
2026-06-01 19:27:20,819 [INFO] 오늘 호출 횟수: 12000 / 20000
2026-06-01 19:27:43,684 [INFO] 오늘 호출 횟수: 12100 / 20000
2026-06-01 19:28:06,927 [INFO] 오늘 호출 횟수: 12200 / 20000
2026-06-01 19:28:29,055 [INFO] 오늘 호출 횟수: 12300 / 20000
2026-06-01 19:28:53,171 [INFO] 오늘 호출 횟수: 12400 / 20000
2026-06-01 19:29:15,274 [INFO] 오늘 호출 횟수: 12500 / 20000
2026-06-01 19:29:38,044 [INFO] 오늘 호출 횟수: 12600 / 20000
2026-06-01 19:30:01,207 [INFO] 오늘 호출 횟수: 12700 / 20000
2026-06-01 19:30:24,828 [INFO] 오늘 호출 횟수: 12800 / 20000
2026-06-01 19:30:48,439 [INFO] 오늘 호출 횟수: 12900 / 20000
2026-06-01 19:31:13,073 [INFO] 오늘 호출 횟수: 13000 / 20000
2026-06-01 19:31:38,891 [INFO] 오늘 호출 횟수: 13100 / 20000
2026-06-01 19:32:03,550 [INFO] 오늘 호출 횟수: 13200 / 20000
2026-06-01 19:32:30,131 [INFO] 오늘 호출 횟수: 13300 / 20000
2026-06-01 19:32:56,474 [INFO] 오늘 호출 횟수: 13400 / 20000
2026-06-01 19:33:19,899 [INFO] 오늘 호출 횟수: 13500 / 20000
2026-06-01 19:33:43,745 [INFO] 오늘 호출 횟수: 13600 / 20000
2026-06-01 19:34:06,327 [INFO] 오늘 호출 횟수: 13700 / 20000
2026-06-01 19:34:28,860 [INFO] 오늘 호출 횟수: 13800 / 20000
2026-06-01 19:34:49,537 [INFO] 오늘 호출 횟수: 13900 / 20000
2026-06-01 19:35:10,837 [INFO] 오늘 호출 횟수: 14000 / 20000
2026-06-01 19:35:39,166 [INFO] 오늘 호출 횟수: 14100 / 20000
2026-06-01 19:36:18,422 [INFO] 오늘 호출 횟수: 14200 / 20000
2026-06-01 19:36:53,871 [INFO] 오늘 호출 횟수: 14300 / 20000
2026-06-01 19:37:46,175 [INFO] 오늘 호출 횟수: 14400 / 20000
2026-06-01 19:38:36,905 [INFO] 오늘 호출 횟수: 14500 / 20000
2026-06-01 19:39:02,153 [INFO] 오늘 호출 횟수: 14600 / 20000
2026-06-01 19:39:23,352 [INFO] 오늘 호출 횟수: 14700 / 20000
2026-06-01 19:39:43,765 [INFO] 오늘 호출 횟수: 14800 / 20000
2026-06-01 19:40:05,238 [INFO] 오늘 호출 횟수: 14900 / 20000
2026-06-01 19:40:28,153 [INFO] 오늘 호출 횟수: 15000 / 20000
2026-06-01 19:40:51,543 [INFO] 오늘 호출 횟수: 15100 / 20000
2026-06-01 19:41:14,953 [INFO] 오늘 호출 횟수: 15200 / 20000
2026-06-01 19:41:35,734 [INFO] 오늘 호출 횟수: 15300 / 20000
2026-06-01 19:41:57,851 [INFO] 오늘 호출 횟수: 15400 / 20000
2026-06-01 19:42:22,320 [INFO] 오늘 호출 횟수: 15500 / 20000
2026-06-01 19:42:43,819 [INFO] 오늘 호출 횟수: 15600 / 20000
2026-06-01 19:43:05,756 [INFO] 오늘 호출 횟수: 15700 / 20000
2026-06-01 19:43:27,598 [INFO] 오늘 호출 횟수: 15800 / 20000
2026-06-01 19:43:48,171 [INFO] 오늘 호출 횟수: 15900 / 20000
2026-06-01 19:44:08,791 [INFO] 오늘 호출 횟수: 16000 / 20000
2026-06-01 19:44:32,479 [INFO] 오늘 호출 횟수: 16100 / 20000
2026-06-01 19:44:54,539 [INFO] 오늘 호출 횟수: 16200 / 20000
2026-06-01 19:45:15,606 [INFO] 오늘 호출 횟수: 16300 / 20000
2026-06-01 19:45:35,745 [INFO] 오늘 호출 횟수: 16400 / 20000
2026-06-01 19:45:55,211 [INFO] 오늘 호출 횟수: 16500 / 20000
2026-06-01 19:46:16,259 [INFO] 오늘 호출 횟수: 16600 / 20000
2026-06-01 19:46:38,133 [INFO] 오늘 호출 횟수: 16700 / 20000
2026-06-01 19:46:59,472 [INFO] 오늘 호출 횟수: 16800 / 20000
2026-06-01 19:47:22,179 [INFO] 오늘 호출 횟수: 16900 / 20000
2026-06-01 19:47:44,397 [INFO] 오늘 호출 횟수: 17000 / 20000
2026-06-01 19:48:05,505 [INFO] 오늘 호출 횟수: 17100 / 20000
2026-06-01 19:48:27,546 [INFO] 오늘 호출 횟수: 17200 / 20000
2026-06-01 19:48:48,284 [INFO] 오늘 호출 횟수: 17300 / 20000
2026-06-01 19:49:11,757 [INFO] 오늘 호출 횟수: 17400 / 20000
2026-06-01 19:49:38,058 [INFO] 오늘 호출 횟수: 17500 / 20000
2026-06-01 19:49:58,859 [INFO] 오늘 호출 횟수: 17600 / 20000
2026-06-01 19:50:20,672 [INFO] 오늘 호출 횟수: 17700 / 20000
2026-06-01 19:50:41,161 [INFO] 오늘 호출 횟수: 17800 / 20000
2026-06-01 19:51:00,471 [INFO] 오늘 호출 횟수: 17900 / 20000
2026-06-01 19:51:21,544 [INFO] 오늘 호출 횟수: 18000 / 20000
2026-06-01 19:51:41,960 [INFO] 오늘 호출 횟수: 18100 / 20000
2026-06-01 19:52:03,784 [INFO] 오늘 호출 횟수: 18200 / 20000
2026-06-01 19:52:24,252 [INFO] 오늘 호출 횟수: 18300 / 20000
2026-06-01 19:52:45,931 [INFO] 오늘 호출 횟수: 18400 / 20000
2026-06-01 19:53:06,982 [INFO] 오늘 호출 횟수: 18500 / 20000
2026-06-01 19:53:29,014 [INFO] 오늘 호출 횟수: 18600 / 20000
2026-06-01 19:53:52,682 [INFO] 오늘 호출 횟수: 18700 / 20000
2026-06-01 19:54:13,298 [INFO] 오늘 호출 횟수: 18800 / 20000
2026-06-01 19:54:35,947 [INFO] 오늘 호출 횟수: 18900 / 20000
2026-06-01 19:54:56,388 [INFO] 오늘 호출 횟수: 19000 / 20000
2026-06-01 19:55:18,004 [INFO] 오늘 호출 횟수: 19100 / 20000
2026-06-01 19:55:52,947 [INFO] 오늘 호출 횟수: 19200 / 20000
2026-06-01 19:56:27,454 [INFO] 오늘 호출 횟수: 19300 / 20000
2026-06-01 19:56:51,909 [INFO] 오늘 호출 횟수: 19400 / 20000
2026-06-01 19:57:16,009 [INFO] 오늘 호출 횟수: 19500 / 20000
2026-06-01 19:57:40,178 [INFO] 오늘 호출 횟수: 19600 / 20000
2026-06-01 19:58:03,732 [INFO] 오늘 호출 횟수: 19700 / 20000
2026-06-01 20:04:57,052 [WARNING] 네트워크 에러 (attempt 1/3): ('Connection aborted.', ConnectionResetError(10054, '현재 연결은 원격 호스트에 의해 강제로 끊겼습니다', None, 10054, None))
2026-06-01 23:01:04,050 [WARNING] 네트워크 에러 (attempt 2/3): HTTPSConnectionPool(host='opendart.fss.or.kr', port=443): Max retries exceeded with url: /api/fnlttSinglAcntAll.json?crtfc_key=926f5be1959376e863235e6be6868be04c55b1eb&corp_code=01706794&bsns_year=2015&reprt_code=11012&fs_div=OFS (Caused by NameResolutionError("HTTPSConnection(host='opendart.fss.or.kr', port=443): Failed to resolve 'opendart.fss.or.kr' ([Errno 11001] getaddrinfo failed)"))
2026-06-01 23:01:18,319 [INFO] 오늘 호출 횟수: 19800 / 20000
